// Vitest Snapshot v1

exports[`Testing App.tsx > it should show correctly 1`] = `
<div>
  <div
    class="d-flex justify-content-center container"
  >
    <div
      class="col-md-8"
    >
      <div
        class="card-hover-shadow-2x mb-3 card"
      >
        <form
          action=""
        >
          <div
            class="card-header-tab card-header"
          >
            <div
              class="widget-content p-0"
              style="width: 100%;"
            >
              <div
                class="widget-content-wrapper"
              >
                <div
                  class="widget-content-left"
                  style="width: 100%;"
                >
                  <input
                    class="form-control"
                    type="text"
                    value=""
                  />
                </div>
                <div
                  class="widget-content-right"
                >
                  <button
                    class="border-0 btn-transition btn btn-outline-success"
                    disabled=""
                    type="submit"
                  >
                    <i
                      class="fa fa-send"
                    />
                  </button>
                </div>
              </div>
            </div>
          </div>
        </form>
        <div
          class="scroll-area-sm"
        >
          <div
            class="ps ps--active-y"
            style="position: static;"
          >
            <div
              class="ps-content"
            >
              <ul
                class=" list-group list-group-flush"
              >
                <li
                  class="list-group-item"
                >
                  <div
                    class="widget-content p-0"
                  >
                    <div
                      class="widget-content-wrapper"
                    >
                      <div
                        class="widget-content-left"
                      >
                        <div
                          class="widget-heading"
                        >
                          No tienes tareas creadas ðŸ˜­
                        </div>
                      </div>
                    </div>
                  </div>
                </li>
              </ul>
            </div>
          </div>
        </div>
        <div
          class="d-block text-right card-footer"
        >
          <br />
        </div>
      </div>
    </div>
  </div>
</div>
`;
